2026-03-15 22:47:37 [error]: Login error: undefined
2026-03-15 22:49:28 [error]: Login error: undefined
2026-03-15 22:50:13 [error]: Login error: undefined
2026-03-15 22:51:29 [error]: Login error: undefined
2026-03-15 22:53:11 [error]: Login error: [object Object]
2026-03-15 22:53:50 [error]: Login error: [object Object]
2026-03-15 22:54:46 [error]: Login error: [object Object]
2026-03-15 23:02:35 [error]: SyntaxError: Failed to parse String to BigInt
    at <parse> (:0)
    at BigInt (unknown)
    at numberToHex (C:\Users\abhir\Documents\GitHub\Repay-backend\node_modules\viem\_esm\utils\encoding\toHex.js:124:19)
    at encodeNumber (C:\Users\abhir\Documents\GitHub\Repay-backend\node_modules\viem\_esm\utils\abi\encodeAbiParameters.js:217:18)
    at prepareParams (C:\Users\abhir\Documents\GitHub\Repay-backend\node_modules\viem\_esm\utils\abi\encodeAbiParameters.js:66:29)
    at encodeAbiParameters (C:\Users\abhir\Documents\GitHub\Repay-backend\node_modules\viem\_esm\utils\abi\encodeAbiParameters.js:54:28)
    at encodeFunctionData (C:\Users\abhir\Documents\GitHub\Repay-backend\node_modules\viem\_esm\utils\abi\encodeFunctionData.js:15:11)
    at simulateContract (C:\Users\abhir\Documents\GitHub\Repay-backend\node_modules\viem\_esm\actions\public\simulateContract.js:45:22)
    at simulateContract (C:\Users\abhir\Documents\GitHub\Repay-backend\node_modules\viem\_esm\actions\public\simulateContract.js:38:40)
    at <anonymous> (C:\Users\abhir\Documents\GitHub\Repay-backend\server\routes\reward.ts:181:48)
    at <anonymous> (C:\Users\abhir\Documents\GitHub\Repay-backend\server\routes\reward.ts:177:44)
    at handleRequest (C:\Users\abhir\Documents\GitHub\Repay-backend\node_modules\router\lib\layer.js:152:17)
    at next (C:\Users\abhir\Documents\GitHub\Repay-backend\node_modules\router\lib\route.js:157:13)
    at <anonymous> (C:\Users\abhir\Documents\GitHub\Repay-backend\server\middlewares\auth.ts:54:9)
    at processTicksAndRejections (native:7:39)
2026-03-15 23:03:20 [error]: SyntaxError: Failed to parse String to BigInt
    at <parse> (:0)
    at BigInt (unknown)
    at numberToHex (C:\Users\abhir\Documents\GitHub\Repay-backend\node_modules\viem\_esm\utils\encoding\toHex.js:124:19)
    at encodeNumber (C:\Users\abhir\Documents\GitHub\Repay-backend\node_modules\viem\_esm\utils\abi\encodeAbiParameters.js:217:18)
    at prepareParams (C:\Users\abhir\Documents\GitHub\Repay-backend\node_modules\viem\_esm\utils\abi\encodeAbiParameters.js:66:29)
    at encodeAbiParameters (C:\Users\abhir\Documents\GitHub\Repay-backend\node_modules\viem\_esm\utils\abi\encodeAbiParameters.js:54:28)
    at encodeFunctionData (C:\Users\abhir\Documents\GitHub\Repay-backend\node_modules\viem\_esm\utils\abi\encodeFunctionData.js:15:11)
    at simulateContract (C:\Users\abhir\Documents\GitHub\Repay-backend\node_modules\viem\_esm\actions\public\simulateContract.js:45:22)
    at simulateContract (C:\Users\abhir\Documents\GitHub\Repay-backend\node_modules\viem\_esm\actions\public\simulateContract.js:38:40)
    at <anonymous> (C:\Users\abhir\Documents\GitHub\Repay-backend\server\routes\reward.ts:181:48)
    at <anonymous> (C:\Users\abhir\Documents\GitHub\Repay-backend\server\routes\reward.ts:177:44)
    at handleRequest (C:\Users\abhir\Documents\GitHub\Repay-backend\node_modules\router\lib\layer.js:152:17)
    at next (C:\Users\abhir\Documents\GitHub\Repay-backend\node_modules\router\lib\route.js:157:13)
    at <anonymous> (C:\Users\abhir\Documents\GitHub\Repay-backend\server\middlewares\auth.ts:54:9)
    at processTicksAndRejections (native:7:39)
2026-03-15 23:04:37 [error]: SyntaxError: Failed to parse String to BigInt
    at <parse> (:0)
    at BigInt (unknown)
    at numberToHex (C:\Users\abhir\Documents\GitHub\Repay-backend\node_modules\viem\_esm\utils\encoding\toHex.js:124:19)
    at encodeNumber (C:\Users\abhir\Documents\GitHub\Repay-backend\node_modules\viem\_esm\utils\abi\encodeAbiParameters.js:217:18)
    at prepareParams (C:\Users\abhir\Documents\GitHub\Repay-backend\node_modules\viem\_esm\utils\abi\encodeAbiParameters.js:66:29)
    at encodeAbiParameters (C:\Users\abhir\Documents\GitHub\Repay-backend\node_modules\viem\_esm\utils\abi\encodeAbiParameters.js:54:28)
    at encodeFunctionData (C:\Users\abhir\Documents\GitHub\Repay-backend\node_modules\viem\_esm\utils\abi\encodeFunctionData.js:15:11)
    at simulateContract (C:\Users\abhir\Documents\GitHub\Repay-backend\node_modules\viem\_esm\actions\public\simulateContract.js:45:22)
    at simulateContract (C:\Users\abhir\Documents\GitHub\Repay-backend\node_modules\viem\_esm\actions\public\simulateContract.js:38:40)
    at <anonymous> (C:\Users\abhir\Documents\GitHub\Repay-backend\server\routes\reward.ts:181:48)
    at <anonymous> (C:\Users\abhir\Documents\GitHub\Repay-backend\server\routes\reward.ts:177:44)
    at handleRequest (C:\Users\abhir\Documents\GitHub\Repay-backend\node_modules\router\lib\layer.js:152:17)
    at next (C:\Users\abhir\Documents\GitHub\Repay-backend\node_modules\router\lib\route.js:157:13)
    at <anonymous> (C:\Users\abhir\Documents\GitHub\Repay-backend\server\middlewares\auth.ts:54:9)
    at processTicksAndRejections (native:7:39)
2026-03-15 23:04:53 [error]: SyntaxError: Failed to parse String to BigInt
    at <parse> (:0)
    at BigInt (unknown)
    at numberToHex (C:\Users\abhir\Documents\GitHub\Repay-backend\node_modules\viem\_esm\utils\encoding\toHex.js:124:19)
    at encodeNumber (C:\Users\abhir\Documents\GitHub\Repay-backend\node_modules\viem\_esm\utils\abi\encodeAbiParameters.js:217:18)
    at prepareParams (C:\Users\abhir\Documents\GitHub\Repay-backend\node_modules\viem\_esm\utils\abi\encodeAbiParameters.js:66:29)
    at encodeAbiParameters (C:\Users\abhir\Documents\GitHub\Repay-backend\node_modules\viem\_esm\utils\abi\encodeAbiParameters.js:54:28)
    at encodeFunctionData (C:\Users\abhir\Documents\GitHub\Repay-backend\node_modules\viem\_esm\utils\abi\encodeFunctionData.js:15:11)
    at simulateContract (C:\Users\abhir\Documents\GitHub\Repay-backend\node_modules\viem\_esm\actions\public\simulateContract.js:45:22)
    at simulateContract (C:\Users\abhir\Documents\GitHub\Repay-backend\node_modules\viem\_esm\actions\public\simulateContract.js:38:40)
    at <anonymous> (C:\Users\abhir\Documents\GitHub\Repay-backend\server\routes\reward.ts:181:48)
    at <anonymous> (C:\Users\abhir\Documents\GitHub\Repay-backend\server\routes\reward.ts:177:44)
    at handleRequest (C:\Users\abhir\Documents\GitHub\Repay-backend\node_modules\router\lib\layer.js:152:17)
    at next (C:\Users\abhir\Documents\GitHub\Repay-backend\node_modules\router\lib\route.js:157:13)
    at <anonymous> (C:\Users\abhir\Documents\GitHub\Repay-backend\server\middlewares\auth.ts:54:9)
    at processTicksAndRejections (native:7:39)
2026-03-15 23:07:21 [error]: AbiEncodingBytesSizeMismatchError: Size of bytes "0x82d1c562081f36841e96f60affffb42c84eac423" (bytes20) does not match expected size (bytes32).

Version: viem@2.46.3
    at encodeBytes (C:\Users\abhir\Documents\GitHub\Repay-backend\node_modules\viem\_esm\utils\abi\encodeAbiParameters.js:191:19)
    at prepareParams (C:\Users\abhir\Documents\GitHub\Repay-backend\node_modules\viem\_esm\utils\abi\encodeAbiParameters.js:66:29)
    at encodeAbiParameters (C:\Users\abhir\Documents\GitHub\Repay-backend\node_modules\viem\_esm\utils\abi\encodeAbiParameters.js:54:28)
    at encodeFunctionData (C:\Users\abhir\Documents\GitHub\Repay-backend\node_modules\viem\_esm\utils\abi\encodeFunctionData.js:15:11)
    at simulateContract (C:\Users\abhir\Documents\GitHub\Repay-backend\node_modules\viem\_esm\actions\public\simulateContract.js:45:22)
    at simulateContract (C:\Users\abhir\Documents\GitHub\Repay-backend\node_modules\viem\_esm\actions\public\simulateContract.js:38:40)
    at <anonymous> (C:\Users\abhir\Documents\GitHub\Repay-backend\server\routes\reward.ts:181:48)
    at <anonymous> (C:\Users\abhir\Documents\GitHub\Repay-backend\server\routes\reward.ts:177:44)
    at handleRequest (C:\Users\abhir\Documents\GitHub\Repay-backend\node_modules\router\lib\layer.js:152:17)
    at next (C:\Users\abhir\Documents\GitHub\Repay-backend\node_modules\router\lib\route.js:157:13)
    at <anonymous> (C:\Users\abhir\Documents\GitHub\Repay-backend\server\middlewares\auth.ts:54:9)
    at processTicksAndRejections (native:7:39)
